                                 Started job on |	Feb 19 17:13:24
                             Started mapping on |	Feb 19 17:13:52
                                    Finished on |	Feb 19 17:14:06
       Mapping speed, Million of reads per hour |	1.42

                          Number of input reads |	5511
                      Average input read length |	273
                                    UNIQUE READS:
                   Uniquely mapped reads number |	296
                        Uniquely mapped reads % |	5.37%
                          Average mapped length |	255.63
                       Number of splices: Total |	74
            Number of splices: Annotated (sjdb) |	74
                       Number of splices: GT/AG |	74
                       Number of splices: GC/AG |	0
                       Number of splices: AT/AC |	0
               Number of splices: Non-canonical |	0
                      Mismatch rate per base, % |	1.35%
                         Deletion rate per base |	0.03%
                        Deletion average length |	2.09
                        Insertion rate per base |	0.01%
                       Insertion average length |	1.00
                             MULTI-MAPPING READS:
        Number of reads mapped to multiple loci |	40
             % of reads mapped to multiple loci |	0.73%
        Number of reads mapped to too many loci |	4
             % of reads mapped to too many loci |	0.07%
                                  UNMAPPED READS:
  Number of reads unmapped: too many mismatches |	0
       % of reads unmapped: too many mismatches |	0.00%
            Number of reads unmapped: too short |	2891
                 % of reads unmapped: too short |	52.46%
                Number of reads unmapped: other |	2280
                     % of reads unmapped: other |	41.37%
                                  CHIMERIC READS:
                       Number of chimeric reads |	0
                            % of chimeric reads |	0.00%
