           Time    Speed        Read     Read   Mapped   Mapped   Mapped   Mapped Unmapped Unmapped Unmapped Unmapped
                    M/hr      number   length   unique   length   MMrate    multi   multi+       MM    short    other
Feb 19 17:13:25	Started 1st pass mapping
Feb 19 17:13:37      1.7        5511      273     5.4%    255.4     1.4%     0.7%     0.1%     0.0%    52.4%    41.4%
Feb 19 17:13:37	Finished 1st pass mapping
ALL DONE!
