           Time    Speed        Read     Read   Mapped   Mapped   Mapped   Mapped Unmapped Unmapped Unmapped Unmapped
                    M/hr      number   length   unique   length   MMrate    multi   multi+       MM    short    other
Feb 19 17:13:25	Started 1st pass mapping
Feb 19 17:13:36      1.6        4933      275     5.1%    257.6     1.4%     0.6%     0.2%     0.0%    52.2%    41.9%
Feb 19 17:13:36	Finished 1st pass mapping
ALL DONE!
