                                 Started job on |	Feb 19 17:13:24
                             Started mapping on |	Feb 19 17:13:25
                                    Finished on |	Feb 19 17:13:37
       Mapping speed, Million of reads per hour |	1.70

                          Number of input reads |	5681
                      Average input read length |	273
                                    UNIQUE READS:
                   Uniquely mapped reads number |	304
                        Uniquely mapped reads % |	5.35%
                          Average mapped length |	263.28
                       Number of splices: Total |	88
            Number of splices: Annotated (sjdb) |	69
                       Number of splices: GT/AG |	79
                       Number of splices: GC/AG |	0
                       Number of splices: AT/AC |	0
               Number of splices: Non-canonical |	9
                      Mismatch rate per base, % |	1.31%
                         Deletion rate per base |	0.02%
                        Deletion average length |	1.90
                        Insertion rate per base |	0.03%
                       Insertion average length |	1.83
                             MULTI-MAPPING READS:
        Number of reads mapped to multiple loci |	30
             % of reads mapped to multiple loci |	0.53%
        Number of reads mapped to too many loci |	10
             % of reads mapped to too many loci |	0.18%
                                  UNMAPPED READS:
  Number of reads unmapped: too many mismatches |	0
       % of reads unmapped: too many mismatches |	0.00%
            Number of reads unmapped: too short |	2977
                 % of reads unmapped: too short |	52.40%
                Number of reads unmapped: other |	2360
                     % of reads unmapped: other |	41.54%
                                  CHIMERIC READS:
                       Number of chimeric reads |	0
                            % of chimeric reads |	0.00%
