                                 Started job on |	Feb 19 17:13:24
                             Started mapping on |	Feb 19 17:13:27
                                    Finished on |	Feb 19 17:13:39
       Mapping speed, Million of reads per hour |	1.74

                          Number of input reads |	5790
                      Average input read length |	275
                                    UNIQUE READS:
                   Uniquely mapped reads number |	315
                        Uniquely mapped reads % |	5.44%
                          Average mapped length |	262.28
                       Number of splices: Total |	103
            Number of splices: Annotated (sjdb) |	92
                       Number of splices: GT/AG |	97
                       Number of splices: GC/AG |	1
                       Number of splices: AT/AC |	2
               Number of splices: Non-canonical |	3
                      Mismatch rate per base, % |	1.16%
                         Deletion rate per base |	0.04%
                        Deletion average length |	2.43
                        Insertion rate per base |	0.02%
                       Insertion average length |	1.78
                             MULTI-MAPPING READS:
        Number of reads mapped to multiple loci |	25
             % of reads mapped to multiple loci |	0.43%
        Number of reads mapped to too many loci |	5
             % of reads mapped to too many loci |	0.09%
                                  UNMAPPED READS:
  Number of reads unmapped: too many mismatches |	0
       % of reads unmapped: too many mismatches |	0.00%
            Number of reads unmapped: too short |	3018
                 % of reads unmapped: too short |	52.12%
                Number of reads unmapped: other |	2427
                     % of reads unmapped: other |	41.92%
                                  CHIMERIC READS:
                       Number of chimeric reads |	0
                            % of chimeric reads |	0.00%
