                                 Started job on |	Feb 19 17:14:01
                             Started mapping on |	Feb 19 17:14:23
                                    Finished on |	Feb 19 17:14:36
       Mapping speed, Million of reads per hour |	1.62

                          Number of input reads |	5832
                      Average input read length |	278
                                    UNIQUE READS:
                   Uniquely mapped reads number |	350
                        Uniquely mapped reads % |	6.00%
                          Average mapped length |	269.79
                       Number of splices: Total |	102
            Number of splices: Annotated (sjdb) |	102
                       Number of splices: GT/AG |	102
                       Number of splices: GC/AG |	0
                       Number of splices: AT/AC |	0
               Number of splices: Non-canonical |	0
                      Mismatch rate per base, % |	1.07%
                         Deletion rate per base |	0.03%
                        Deletion average length |	2.55
                        Insertion rate per base |	0.01%
                       Insertion average length |	1.67
                             MULTI-MAPPING READS:
        Number of reads mapped to multiple loci |	42
             % of reads mapped to multiple loci |	0.72%
        Number of reads mapped to too many loci |	7
             % of reads mapped to too many loci |	0.12%
                                  UNMAPPED READS:
  Number of reads unmapped: too many mismatches |	0
       % of reads unmapped: too many mismatches |	0.00%
            Number of reads unmapped: too short |	2807
                 % of reads unmapped: too short |	48.13%
                Number of reads unmapped: other |	2626
                     % of reads unmapped: other |	45.03%
                                  CHIMERIC READS:
                       Number of chimeric reads |	0
                            % of chimeric reads |	0.00%
