                                 Started job on |	Feb 19 17:13:24
                             Started mapping on |	Feb 19 17:13:49
                                    Finished on |	Feb 19 17:14:03
       Mapping speed, Million of reads per hour |	1.52

                          Number of input reads |	5901
                      Average input read length |	274
                                    UNIQUE READS:
                   Uniquely mapped reads number |	346
                        Uniquely mapped reads % |	5.86%
                          Average mapped length |	261.71
                       Number of splices: Total |	72
            Number of splices: Annotated (sjdb) |	72
                       Number of splices: GT/AG |	70
                       Number of splices: GC/AG |	2
                       Number of splices: AT/AC |	0
               Number of splices: Non-canonical |	0
                      Mismatch rate per base, % |	1.18%
                         Deletion rate per base |	0.03%
                        Deletion average length |	2.30
                        Insertion rate per base |	0.01%
                       Insertion average length |	2.40
                             MULTI-MAPPING READS:
        Number of reads mapped to multiple loci |	28
             % of reads mapped to multiple loci |	0.47%
        Number of reads mapped to too many loci |	5
             % of reads mapped to too many loci |	0.08%
                                  UNMAPPED READS:
  Number of reads unmapped: too many mismatches |	0
       % of reads unmapped: too many mismatches |	0.00%
            Number of reads unmapped: too short |	3040
                 % of reads unmapped: too short |	51.52%
                Number of reads unmapped: other |	2482
                     % of reads unmapped: other |	42.06%
                                  CHIMERIC READS:
                       Number of chimeric reads |	0
                            % of chimeric reads |	0.00%
