                                 Started job on |	Feb 19 17:13:58
                             Started mapping on |	Feb 19 17:13:59
                                    Finished on |	Feb 19 17:14:11
       Mapping speed, Million of reads per hour |	1.74

                          Number of input reads |	5803
                      Average input read length |	274
                                    UNIQUE READS:
                   Uniquely mapped reads number |	327
                        Uniquely mapped reads % |	5.64%
                          Average mapped length |	262.65
                       Number of splices: Total |	133
            Number of splices: Annotated (sjdb) |	122
                       Number of splices: GT/AG |	128
                       Number of splices: GC/AG |	2
                       Number of splices: AT/AC |	0
               Number of splices: Non-canonical |	3
                      Mismatch rate per base, % |	1.14%
                         Deletion rate per base |	0.02%
                        Deletion average length |	2.10
                        Insertion rate per base |	0.03%
                       Insertion average length |	2.90
                             MULTI-MAPPING READS:
        Number of reads mapped to multiple loci |	27
             % of reads mapped to multiple loci |	0.47%
        Number of reads mapped to too many loci |	3
             % of reads mapped to too many loci |	0.05%
                                  UNMAPPED READS:
  Number of reads unmapped: too many mismatches |	0
       % of reads unmapped: too many mismatches |	0.00%
            Number of reads unmapped: too short |	3008
                 % of reads unmapped: too short |	51.84%
                Number of reads unmapped: other |	2438
                     % of reads unmapped: other |	42.01%
                                  CHIMERIC READS:
                       Number of chimeric reads |	0
                            % of chimeric reads |	0.00%
