                                 Started job on |	Feb 19 17:13:24
                             Started mapping on |	Feb 19 17:13:52
                                    Finished on |	Feb 19 17:14:06
       Mapping speed, Million of reads per hour |	1.63

                          Number of input reads |	6336
                      Average input read length |	276
                                    UNIQUE READS:
                   Uniquely mapped reads number |	385
                        Uniquely mapped reads % |	6.08%
                          Average mapped length |	262.08
                       Number of splices: Total |	89
            Number of splices: Annotated (sjdb) |	89
                       Number of splices: GT/AG |	89
                       Number of splices: GC/AG |	0
                       Number of splices: AT/AC |	0
               Number of splices: Non-canonical |	0
                      Mismatch rate per base, % |	1.35%
                         Deletion rate per base |	0.05%
                        Deletion average length |	5.33
                        Insertion rate per base |	0.04%
                       Insertion average length |	3.58
                             MULTI-MAPPING READS:
        Number of reads mapped to multiple loci |	27
             % of reads mapped to multiple loci |	0.43%
        Number of reads mapped to too many loci |	3
             % of reads mapped to too many loci |	0.05%
                                  UNMAPPED READS:
  Number of reads unmapped: too many mismatches |	0
       % of reads unmapped: too many mismatches |	0.00%
            Number of reads unmapped: too short |	3232
                 % of reads unmapped: too short |	51.01%
                Number of reads unmapped: other |	2689
                     % of reads unmapped: other |	42.44%
                                  CHIMERIC READS:
                       Number of chimeric reads |	0
                            % of chimeric reads |	0.00%
