                                 Started job on |	Feb 19 17:13:24
                             Started mapping on |	Feb 19 17:13:25
                                    Finished on |	Feb 19 17:13:37
       Mapping speed, Million of reads per hour |	1.71

                          Number of input reads |	5691
                      Average input read length |	276
                                    UNIQUE READS:
                   Uniquely mapped reads number |	307
                        Uniquely mapped reads % |	5.39%
                          Average mapped length |	261.36
                       Number of splices: Total |	77
            Number of splices: Annotated (sjdb) |	65
                       Number of splices: GT/AG |	73
                       Number of splices: GC/AG |	1
                       Number of splices: AT/AC |	0
               Number of splices: Non-canonical |	3
                      Mismatch rate per base, % |	1.09%
                         Deletion rate per base |	0.03%
                        Deletion average length |	2.20
                        Insertion rate per base |	0.02%
                       Insertion average length |	1.56
                             MULTI-MAPPING READS:
        Number of reads mapped to multiple loci |	33
             % of reads mapped to multiple loci |	0.58%
        Number of reads mapped to too many loci |	2
             % of reads mapped to too many loci |	0.04%
                                  UNMAPPED READS:
  Number of reads unmapped: too many mismatches |	0
       % of reads unmapped: too many mismatches |	0.00%
            Number of reads unmapped: too short |	2946
                 % of reads unmapped: too short |	51.77%
                Number of reads unmapped: other |	2403
                     % of reads unmapped: other |	42.22%
                                  CHIMERIC READS:
                       Number of chimeric reads |	0
                            % of chimeric reads |	0.00%
