                                 Started job on |	Feb 19 17:13:24
                             Started mapping on |	Feb 19 17:13:25
                                    Finished on |	Feb 19 17:13:36
       Mapping speed, Million of reads per hour |	1.61

                          Number of input reads |	4933
                      Average input read length |	275
                                    UNIQUE READS:
                   Uniquely mapped reads number |	254
                        Uniquely mapped reads % |	5.15%
                          Average mapped length |	257.61
                       Number of splices: Total |	82
            Number of splices: Annotated (sjdb) |	70
                       Number of splices: GT/AG |	77
                       Number of splices: GC/AG |	0
                       Number of splices: AT/AC |	0
               Number of splices: Non-canonical |	5
                      Mismatch rate per base, % |	1.45%
                         Deletion rate per base |	0.03%
                        Deletion average length |	2.20
                        Insertion rate per base |	0.02%
                       Insertion average length |	2.80
                             MULTI-MAPPING READS:
        Number of reads mapped to multiple loci |	29
             % of reads mapped to multiple loci |	0.59%
        Number of reads mapped to too many loci |	8
             % of reads mapped to too many loci |	0.16%
                                  UNMAPPED READS:
  Number of reads unmapped: too many mismatches |	0
       % of reads unmapped: too many mismatches |	0.00%
            Number of reads unmapped: too short |	2574
                 % of reads unmapped: too short |	52.18%
                Number of reads unmapped: other |	2068
                     % of reads unmapped: other |	41.92%
                                  CHIMERIC READS:
                       Number of chimeric reads |	0
                            % of chimeric reads |	0.00%
