           Time    Speed        Read     Read   Mapped   Mapped   Mapped   Mapped Unmapped Unmapped Unmapped Unmapped
                    M/hr      number   length   unique   length   MMrate    multi   multi+       MM    short    other
Feb 19 17:13:25	Started 1st pass mapping
Feb 19 17:13:37      1.7        5681      273     5.4%    263.3     1.3%     0.5%     0.2%     0.0%    52.4%    41.5%
Feb 19 17:13:37	Finished 1st pass mapping
ALL DONE!
