STAR version=2.7.7a
STAR compilation time,server,dir=Mon Dec 28 13:38:40 EST 2020 vega:/home/dobin/data/STAR/STARcode/STAR.master/source
##### Command Line:
STAR --twopassMode Basic --limitBAMsortRAM 8589934592 --outFilterType BySJout --outSAMunmapped Within --genomeDir STAR_REF --outSAMattributes NH HI AS NM MD MC --outFilterMismatchNoverReadLmax 0.04 --outFilterMismatchNmax 999 --outFilterMultimapNmax 20 --alignIntronMin 20 --alignSJoverhangMin 8 --alignMatesGapMax 1000000 --alignIntronMax 1000000 --alignSJDBoverhangMin 1 --sjdbScore 1 --outSAMtype BAM SortedByCoordinate --runThreadN 3 --readFilesCommand zcat --quantMode TranscriptomeSAM --outFileNamePrefix Mmus_BAL-TAL_RRTN_BSL_Rep3_B9 --readFilesIn Mmus_BAL-TAL_RRTN_BSL_Rep3_B9_R1_raw_val_1.fq.gz Mmus_BAL-TAL_RRTN_BSL_Rep3_B9_R2_raw_val_2.fq.gz
##### Initial USER parameters from Command Line:
outFileNamePrefix                 Mmus_BAL-TAL_RRTN_BSL_Rep3_B9
###### All USER parameters from Command Line:
twopassMode                   Basic     ~RE-DEFINED
limitBAMsortRAM               8589934592     ~RE-DEFINED
outFilterType                 BySJout     ~RE-DEFINED
outSAMunmapped                Within        ~RE-DEFINED
genomeDir                     STAR_REF     ~RE-DEFINED
outSAMattributes              NH   HI   AS   NM   MD   MC        ~RE-DEFINED
outFilterMismatchNoverReadLmax0.04     ~RE-DEFINED
outFilterMismatchNmax         999     ~RE-DEFINED
outFilterMultimapNmax         20     ~RE-DEFINED
alignIntronMin                20     ~RE-DEFINED
alignSJoverhangMin            8     ~RE-DEFINED
alignMatesGapMax              1000000     ~RE-DEFINED
alignIntronMax                1000000     ~RE-DEFINED
alignSJDBoverhangMin          1     ~RE-DEFINED
sjdbScore                     1     ~RE-DEFINED
outSAMtype                    BAM   SortedByCoordinate        ~RE-DEFINED
runThreadN                    3     ~RE-DEFINED
readFilesCommand              zcat        ~RE-DEFINED
quantMode                     TranscriptomeSAM        ~RE-DEFINED
outFileNamePrefix             Mmus_BAL-TAL_RRTN_BSL_Rep3_B9     ~RE-DEFINED
readFilesIn                   Mmus_BAL-TAL_RRTN_BSL_Rep3_B9_R1_raw_val_1.fq.gz   Mmus_BAL-TAL_RRTN_BSL_Rep3_B9_R2_raw_val_2.fq.gz        ~RE-DEFINED
##### Finished reading parameters from all sources

##### Final user re-defined parameters-----------------:
runThreadN                        3
genomeDir                         STAR_REF
readFilesIn                       Mmus_BAL-TAL_RRTN_BSL_Rep3_B9_R1_raw_val_1.fq.gz   Mmus_BAL-TAL_RRTN_BSL_Rep3_B9_R2_raw_val_2.fq.gz   
readFilesCommand                  zcat   
limitBAMsortRAM                   8589934592
outFileNamePrefix                 Mmus_BAL-TAL_RRTN_BSL_Rep3_B9
outSAMtype                        BAM   SortedByCoordinate   
outSAMattributes                  NH   HI   AS   NM   MD   MC   
outSAMunmapped                    Within   
outFilterType                     BySJout
outFilterMultimapNmax             20
outFilterMismatchNmax             999
outFilterMismatchNoverReadLmax    0.04
alignIntronMin                    20
alignIntronMax                    1000000
alignMatesGapMax                  1000000
alignSJoverhangMin                8
alignSJDBoverhangMin              1
sjdbScore                         1
quantMode                         TranscriptomeSAM   
twopassMode                       Basic

-------------------------------
##### Final effective command line:
STAR   --runThreadN 3   --genomeDir STAR_REF   --readFilesIn Mmus_BAL-TAL_RRTN_BSL_Rep3_B9_R1_raw_val_1.fq.gz   Mmus_BAL-TAL_RRTN_BSL_Rep3_B9_R2_raw_val_2.fq.gz      --readFilesCommand zcat      --limitBAMsortRAM 8589934592   --outFileNamePrefix Mmus_BAL-TAL_RRTN_BSL_Rep3_B9   --outSAMtype BAM   SortedByCoordinate      --outSAMattributes NH   HI   AS   NM   MD   MC      --outSAMunmapped Within      --outFilterType BySJout   --outFilterMultimapNmax 20   --outFilterMismatchNmax 999   --outFilterMismatchNoverReadLmax 0.04   --alignIntronMin 20   --alignIntronMax 1000000   --alignMatesGapMax 1000000   --alignSJoverhangMin 8   --alignSJDBoverhangMin 1   --sjdbScore 1   --quantMode TranscriptomeSAM      --twopassMode Basic
----------------------------------------

Number of fastq files for each mate = 1

   Input read files for mate 1 :
-rw-r--r-- 1 joribello Nasa 386743 Feb 19 17:09 Mmus_BAL-TAL_RRTN_BSL_Rep3_B9_R1_raw_val_1.fq.gz

   readsCommandsFile:
exec > "Mmus_BAL-TAL_RRTN_BSL_Rep3_B9_STARtmp/tmp.fifo.read1"
echo FILE 0
zcat      "Mmus_BAL-TAL_RRTN_BSL_Rep3_B9_R1_raw_val_1.fq.gz"


   Input read files for mate 2 :
-rw-r--r-- 1 joribello Nasa 443805 Feb 19 17:09 Mmus_BAL-TAL_RRTN_BSL_Rep3_B9_R2_raw_val_2.fq.gz

   readsCommandsFile:
exec > "Mmus_BAL-TAL_RRTN_BSL_Rep3_B9_STARtmp/tmp.fifo.read2"
echo FILE 0
zcat      "Mmus_BAL-TAL_RRTN_BSL_Rep3_B9_R2_raw_val_2.fq.gz"

Finished loading and checking parameters
Reading genome generation parameters:
### STAR   --runMode genomeGenerate   --runThreadN 3   --genomeDir STAR_REF   --genomeFastaFiles Mus_musculus_and_ERCC.fa      --genomeSAindexNbases 14   --limitGenomeGenerateRAM 8589934592   --sjdbGTFfile Mus_musculus_and_ERCC.gtf   --sjdbOverhang 149
### GstrandBit=32
versionGenome                 2.7.4a     ~RE-DEFINED
genomeType                    Full     ~RE-DEFINED
genomeFastaFiles              Mus_musculus_and_ERCC.fa        ~RE-DEFINED
genomeSAindexNbases           14     ~RE-DEFINED
genomeChrBinNbits             18     ~RE-DEFINED
genomeSAsparseD               1     ~RE-DEFINED
genomeTransformType           None     ~RE-DEFINED
genomeTransformVCF            -     ~RE-DEFINED
sjdbOverhang                  149     ~RE-DEFINED
sjdbFileChrStartEnd           -        ~RE-DEFINED
sjdbGTFfile                   Mus_musculus_and_ERCC.gtf     ~RE-DEFINED
sjdbGTFchrPrefix              -     ~RE-DEFINED
sjdbGTFfeatureExon            exon     ~RE-DEFINED
sjdbGTFtagExonParentTranscripttranscript_id     ~RE-DEFINED
sjdbGTFtagExonParentGene      gene_id     ~RE-DEFINED
sjdbInsertSave                Basic     ~RE-DEFINED
genomeFileSizes               88477868   503548414        ~RE-DEFINED
Genome version is compatible with current STAR
Number of real (reference) chromosomes= 93
1	19	61431566	0
2	ERCC-00002	1061	61603840
3	ERCC-00003	1023	61865984
4	ERCC-00004	523	62128128
5	ERCC-00009	984	62390272
6	ERCC-00012	994	62652416
7	ERCC-00013	808	62914560
8	ERCC-00014	1957	63176704
9	ERCC-00016	844	63438848
10	ERCC-00017	1136	63700992
11	ERCC-00019	644	63963136
12	ERCC-00022	751	64225280
13	ERCC-00024	536	64487424
14	ERCC-00025	1994	64749568
15	ERCC-00028	1130	65011712
16	ERCC-00031	1138	65273856
17	ERCC-00033	2022	65536000
18	ERCC-00034	1019	65798144
19	ERCC-00035	1130	66060288
20	ERCC-00039	740	66322432
21	ERCC-00040	744	66584576
22	ERCC-00041	1122	66846720
23	ERCC-00042	1023	67108864
24	ERCC-00043	1023	67371008
25	ERCC-00044	1156	67633152
26	ERCC-00046	522	67895296
27	ERCC-00048	992	68157440
28	ERCC-00051	274	68419584
29	ERCC-00053	1023	68681728
30	ERCC-00054	274	68943872
31	ERCC-00057	1021	69206016
32	ERCC-00058	1136	69468160
33	ERCC-00059	525	69730304
34	ERCC-00060	523	69992448
35	ERCC-00061	1136	70254592
36	ERCC-00062	1023	70516736
37	ERCC-00067	644	70778880
38	ERCC-00069	1137	71041024
39	ERCC-00071	642	71303168
40	ERCC-00073	603	71565312
41	ERCC-00074	522	71827456
42	ERCC-00075	1023	72089600
43	ERCC-00076	642	72351744
44	ERCC-00077	273	72613888
45	ERCC-00078	993	72876032
46	ERCC-00079	644	73138176
47	ERCC-00081	534	73400320
48	ERCC-00083	1022	73662464
49	ERCC-00084	994	73924608
50	ERCC-00085	844	74186752
51	ERCC-00086	1020	74448896
52	ERCC-00092	1124	74711040
53	ERCC-00095	521	74973184
54	ERCC-00096	1107	75235328
55	ERCC-00097	523	75497472
56	ERCC-00098	1143	75759616
57	ERCC-00099	1350	76021760
58	ERCC-00104	2022	76283904
59	ERCC-00108	1022	76546048
60	ERCC-00109	536	76808192
61	ERCC-00111	994	77070336
62	ERCC-00112	1136	77332480
63	ERCC-00113	840	77594624
64	ERCC-00116	1991	77856768
65	ERCC-00117	1136	78118912
66	ERCC-00120	536	78381056
67	ERCC-00123	1022	78643200
68	ERCC-00126	1118	78905344
69	ERCC-00130	1059	79167488
70	ERCC-00131	771	79429632
71	ERCC-00134	274	79691776
72	ERCC-00136	1033	79953920
73	ERCC-00137	537	80216064
74	ERCC-00138	1024	80478208
75	ERCC-00142	493	80740352
76	ERCC-00143	784	81002496
77	ERCC-00144	538	81264640
78	ERCC-00145	1042	81526784
79	ERCC-00147	1023	81788928
80	ERCC-00148	494	82051072
81	ERCC-00150	743	82313216
82	ERCC-00154	537	82575360
83	ERCC-00156	494	82837504
84	ERCC-00157	1019	83099648
85	ERCC-00158	1027	83361792
86	ERCC-00160	743	83623936
87	ERCC-00162	523	83886080
88	ERCC-00163	543	84148224
89	ERCC-00164	1022	84410368
90	ERCC-00165	872	84672512
91	ERCC-00168	1024	84934656
92	ERCC-00170	1023	85196800
93	ERCC-00171	505	85458944
--sjdbOverhang = 149 taken from the generated genome
Started loading the genome: Fri Feb 19 17:13:24 2021

Genome: size given as a parameter = 88477868
SA: size given as a parameter = 503548414
SAindex: size given as a parameter = 1
Read from SAindex: pGe.gSAindexNbases=14  nSAi=357913940
nGenome=88477868;  nSAbyte=503548414
GstrandBit=32   SA number of indices=122072342
Shared memory is not used for genomes. Allocated a private copy of the genome.
Genome file size: 88477868 bytes; state: good=1 eof=0 fail=0 bad=0
Loading Genome ... done! state: good=1 eof=0 fail=0 bad=0; loaded 88477868 bytes
SA file size: 503548414 bytes; state: good=1 eof=0 fail=0 bad=0
Loading SA ... done! state: good=1 eof=0 fail=0 bad=0; loaded 503548414 bytes
Loading SAindex ... done: 1565873619 bytes
Finished loading the genome: Fri Feb 19 17:13:25 2021

Processing splice junctions database sjdbN=9220,   pGe.sjdbOverhang=149 
To accommodate alignIntronMax=1000000 redefined winBinNbits=18
To accommodate alignIntronMax=1000000 and alignMatesGapMax=1000000, redefined winFlankNbins=4 and winAnchorDistNbins=8
Opening the file: Mmus_BAL-TAL_RRTN_BSL_Rep3_B9_STARtmp//FilterBySJoutFiles.mate1.thread0 ... ok
Opening the file: Mmus_BAL-TAL_RRTN_BSL_Rep3_B9_STARtmp//FilterBySJoutFiles.mate2.thread0 ... ok
Opening the file: Mmus_BAL-TAL_RRTN_BSL_Rep3_B9_STARtmp//FilterBySJoutFiles.mate1.thread1 ... ok
Opening the file: Mmus_BAL-TAL_RRTN_BSL_Rep3_B9_STARtmp//FilterBySJoutFiles.mate2.thread1 ... ok
Opening the file: Mmus_BAL-TAL_RRTN_BSL_Rep3_B9_STARtmp//FilterBySJoutFiles.mate1.thread2 ... ok
Opening the file: Mmus_BAL-TAL_RRTN_BSL_Rep3_B9_STARtmp//FilterBySJoutFiles.mate2.thread2 ... ok
Created thread # 1
Created thread # 2
Starting to map file # 0
mate 1:   Mmus_BAL-TAL_RRTN_BSL_Rep3_B9_R1_raw_val_1.fq.gz
mate 2:   Mmus_BAL-TAL_RRTN_BSL_Rep3_B9_R2_raw_val_2.fq.gz
Thread #0 end of input stream, nextChar=-1
Completed: thread #1
Completed: thread #2
Completed: thread #0
Joined thread # 1
Joined thread # 2
Feb 19 17:13:36   Loaded database junctions from the generated genome STAR_REF//sjdbList.out.tab: 9220 total junctions

Feb 19 17:13:36   Loaded database junctions from the 1st pass file: Mmus_BAL-TAL_RRTN_BSL_Rep3_B9_STARpass1//SJ.out.tab: 9254 total junctions

Feb 19 17:13:36   Finished preparing junctions
Feb 19 17:13:36 ..... inserting junctions into the genome indices
Feb 19 17:13:36   Finished SA search: number of new junctions=4, old junctions=9220
Feb 19 17:13:36   Finished sorting SA indicesL nInd=2384
Genome size with junctions=88479064  85721088   2757976
GstrandBit1=32   GstrandBit=32
Feb 19 17:13:38   Finished inserting junction indices
Feb 19 17:13:48   Finished SAi
Feb 19 17:13:48 ..... finished inserting junctions into genome

   Input read files for mate 1 :
-rw-r--r-- 1 joribello Nasa 386743 Feb 19 17:09 Mmus_BAL-TAL_RRTN_BSL_Rep3_B9_R1_raw_val_1.fq.gz

   readsCommandsFile:
exec > "Mmus_BAL-TAL_RRTN_BSL_Rep3_B9_STARtmp/tmp.fifo.read1"
echo FILE 0
zcat      "Mmus_BAL-TAL_RRTN_BSL_Rep3_B9_R1_raw_val_1.fq.gz"


   Input read files for mate 2 :
-rw-r--r-- 1 joribello Nasa 443805 Feb 19 17:09 Mmus_BAL-TAL_RRTN_BSL_Rep3_B9_R2_raw_val_2.fq.gz

   readsCommandsFile:
exec > "Mmus_BAL-TAL_RRTN_BSL_Rep3_B9_STARtmp/tmp.fifo.read2"
echo FILE 0
zcat      "Mmus_BAL-TAL_RRTN_BSL_Rep3_B9_R2_raw_val_2.fq.gz"

Loaded transcript database, nTr=4419
Loaded exon database, nEx=28034
Opening the file: Mmus_BAL-TAL_RRTN_BSL_Rep3_B9_STARtmp//FilterBySJoutFiles.mate1.thread0 ... ok
Opening the file: Mmus_BAL-TAL_RRTN_BSL_Rep3_B9_STARtmp//FilterBySJoutFiles.mate2.thread0 ... ok
Opening the file: Mmus_BAL-TAL_RRTN_BSL_Rep3_B9_STARtmp//FilterBySJoutFiles.mate1.thread1 ... ok
Opening the file: Mmus_BAL-TAL_RRTN_BSL_Rep3_B9_STARtmp//FilterBySJoutFiles.mate2.thread1 ... ok
Opening the file: Mmus_BAL-TAL_RRTN_BSL_Rep3_B9_STARtmp//FilterBySJoutFiles.mate1.thread2 ... ok
Opening the file: Mmus_BAL-TAL_RRTN_BSL_Rep3_B9_STARtmp//FilterBySJoutFiles.mate2.thread2 ... ok
Created thread # 1
Created thread # 2
Starting to map file # 0
mate 1:   Mmus_BAL-TAL_RRTN_BSL_Rep3_B9_R1_raw_val_1.fq.gz
mate 2:   Mmus_BAL-TAL_RRTN_BSL_Rep3_B9_R2_raw_val_2.fq.gz
Thread #0 end of input stream, nextChar=-1
Completed: thread #1
Completed: thread #2
Completed: thread #0
Joined thread # 1
Joined thread # 2
Completed stage 1 mapping of outFilterBySJout mapping
Detected 0 novel junctions that passed filtering, will proceed to filter reads that contained unannotated junctions
Created thread # 1
Created thread # 2
Completed: thread #1
Completed: thread #2
BAM sorting: 1030 mapped reads
BAM sorting bins genomic start loci:
1	0	3953530
2	0	5385931
3	0	5796660
4	0	5797842
5	0	5799141
6	0	5802109
7	0	7212695
8	0	8501627
9	0	8941329
10	0	9539997
11	0	12137304
12	0	12822752
13	0	13686425
14	0	15713984
15	0	17209081
16	0	18732754
17	0	19875500
18	0	22648392
19	0	22851979
20	0	23547305
21	0	25033198
22	0	26606627
23	0	28563104
24	0	30655072
25	0	31859468
26	0	32758029
27	0	33892672
28	0	35956809
29	0	37156137
30	0	39196432
31	0	39602308
32	0	40119709
33	0	40119792
34	0	40847415
35	0	41946263
36	0	44219752
37	0	45702274
38	0	47601751
39	0	50110562
40	0	51142493
41	0	51142698
42	0	52988057
43	0	54998087
44	0	56732910
45	0	57829655
46	0	60086440
47	1	81
48	40	179
Completed: thread #0
Joined thread # 1
Joined thread # 2
Feb 19 17:13:58 ..... started sorting BAM
Max memory needed for sorting = 9390
ALL DONE!
