                                 Started job on |	Feb 19 17:13:24
                             Started mapping on |	Feb 19 17:13:48
                                    Finished on |	Feb 19 17:14:00
       Mapping speed, Million of reads per hour |	1.57

                          Number of input reads |	5229
                      Average input read length |	276
                                    UNIQUE READS:
                   Uniquely mapped reads number |	307
                        Uniquely mapped reads % |	5.87%
                          Average mapped length |	264.21
                       Number of splices: Total |	49
            Number of splices: Annotated (sjdb) |	49
                       Number of splices: GT/AG |	49
                       Number of splices: GC/AG |	0
                       Number of splices: AT/AC |	0
               Number of splices: Non-canonical |	0
                      Mismatch rate per base, % |	1.33%
                         Deletion rate per base |	0.06%
                        Deletion average length |	2.71
                        Insertion rate per base |	0.04%
                       Insertion average length |	2.07
                             MULTI-MAPPING READS:
        Number of reads mapped to multiple loci |	39
             % of reads mapped to multiple loci |	0.75%
        Number of reads mapped to too many loci |	6
             % of reads mapped to too many loci |	0.11%
                                  UNMAPPED READS:
  Number of reads unmapped: too many mismatches |	0
       % of reads unmapped: too many mismatches |	0.00%
            Number of reads unmapped: too short |	2656
                 % of reads unmapped: too short |	50.79%
                Number of reads unmapped: other |	2221
                     % of reads unmapped: other |	42.47%
                                  CHIMERIC READS:
                       Number of chimeric reads |	0
                            % of chimeric reads |	0.00%
