           Time    Speed        Read     Read   Mapped   Mapped   Mapped   Mapped Unmapped Unmapped Unmapped Unmapped
                    M/hr      number   length   unique   length   MMrate    multi   multi+       MM    short    other
Feb 19 17:13:25	Started 1st pass mapping
Feb 19 17:13:36      1.7        5229      276     5.9%    264.5     1.3%     0.8%     0.1%     0.0%    50.8%    42.5%
Feb 19 17:13:36	Finished 1st pass mapping
ALL DONE!
