                                 Started job on |	Feb 19 17:14:01
                             Started mapping on |	Feb 19 17:14:02
                                    Finished on |	Feb 19 17:14:12
       Mapping speed, Million of reads per hour |	2.10

                          Number of input reads |	5832
                      Average input read length |	278
                                    UNIQUE READS:
                   Uniquely mapped reads number |	347
                        Uniquely mapped reads % |	5.95%
                          Average mapped length |	269.93
                       Number of splices: Total |	107
            Number of splices: Annotated (sjdb) |	96
                       Number of splices: GT/AG |	105
                       Number of splices: GC/AG |	0
                       Number of splices: AT/AC |	0
               Number of splices: Non-canonical |	2
                      Mismatch rate per base, % |	1.04%
                         Deletion rate per base |	0.03%
                        Deletion average length |	2.55
                        Insertion rate per base |	0.01%
                       Insertion average length |	1.67
                             MULTI-MAPPING READS:
        Number of reads mapped to multiple loci |	47
             % of reads mapped to multiple loci |	0.81%
        Number of reads mapped to too many loci |	6
             % of reads mapped to too many loci |	0.10%
                                  UNMAPPED READS:
  Number of reads unmapped: too many mismatches |	0
       % of reads unmapped: too many mismatches |	0.00%
            Number of reads unmapped: too short |	2806
                 % of reads unmapped: too short |	48.11%
                Number of reads unmapped: other |	2626
                     % of reads unmapped: other |	45.03%
                                  CHIMERIC READS:
                       Number of chimeric reads |	0
                            % of chimeric reads |	0.00%
