                                 Started job on |	Feb 19 17:14:01
                             Started mapping on |	Feb 19 17:14:03
                                    Finished on |	Feb 19 17:14:13
       Mapping speed, Million of reads per hour |	2.02

                          Number of input reads |	5623
                      Average input read length |	275
                                    UNIQUE READS:
                   Uniquely mapped reads number |	350
                        Uniquely mapped reads % |	6.22%
                          Average mapped length |	263.47
                       Number of splices: Total |	105
            Number of splices: Annotated (sjdb) |	98
                       Number of splices: GT/AG |	103
                       Number of splices: GC/AG |	0
                       Number of splices: AT/AC |	0
               Number of splices: Non-canonical |	2
                      Mismatch rate per base, % |	1.30%
                         Deletion rate per base |	0.03%
                        Deletion average length |	2.91
                        Insertion rate per base |	0.03%
                       Insertion average length |	2.07
                             MULTI-MAPPING READS:
        Number of reads mapped to multiple loci |	36
             % of reads mapped to multiple loci |	0.64%
        Number of reads mapped to too many loci |	4
             % of reads mapped to too many loci |	0.07%
                                  UNMAPPED READS:
  Number of reads unmapped: too many mismatches |	0
       % of reads unmapped: too many mismatches |	0.00%
            Number of reads unmapped: too short |	2913
                 % of reads unmapped: too short |	51.81%
                Number of reads unmapped: other |	2320
                     % of reads unmapped: other |	41.26%
                                  CHIMERIC READS:
                       Number of chimeric reads |	0
                            % of chimeric reads |	0.00%
