                                 Started job on |	Feb 19 17:13:24
                             Started mapping on |	Feb 19 17:13:48
                                    Finished on |	Feb 19 17:14:01
       Mapping speed, Million of reads per hour |	1.43

                          Number of input reads |	5180
                      Average input read length |	273
                                    UNIQUE READS:
                   Uniquely mapped reads number |	256
                        Uniquely mapped reads % |	4.94%
                          Average mapped length |	262.86
                       Number of splices: Total |	57
            Number of splices: Annotated (sjdb) |	57
                       Number of splices: GT/AG |	57
                       Number of splices: GC/AG |	0
                       Number of splices: AT/AC |	0
               Number of splices: Non-canonical |	0
                      Mismatch rate per base, % |	1.08%
                         Deletion rate per base |	0.03%
                        Deletion average length |	2.38
                        Insertion rate per base |	0.01%
                       Insertion average length |	2.00
                             MULTI-MAPPING READS:
        Number of reads mapped to multiple loci |	27
             % of reads mapped to multiple loci |	0.52%
        Number of reads mapped to too many loci |	6
             % of reads mapped to too many loci |	0.12%
                                  UNMAPPED READS:
  Number of reads unmapped: too many mismatches |	0
       % of reads unmapped: too many mismatches |	0.00%
            Number of reads unmapped: too short |	2741
                 % of reads unmapped: too short |	52.92%
                Number of reads unmapped: other |	2150
                     % of reads unmapped: other |	41.51%
                                  CHIMERIC READS:
                       Number of chimeric reads |	0
                            % of chimeric reads |	0.00%
