           Time    Speed        Read     Read   Mapped   Mapped   Mapped   Mapped Unmapped Unmapped Unmapped Unmapped
                    M/hr      number   length   unique   length   MMrate    multi   multi+       MM    short    other
Feb 19 17:13:25	Started 1st pass mapping
Feb 19 17:13:36      1.7        5180      273     4.9%    263.8     1.1%     0.6%     0.1%     0.0%    52.9%    41.5%
Feb 19 17:13:36	Finished 1st pass mapping
ALL DONE!
