                                 Started job on |	Feb 19 17:13:24
                             Started mapping on |	Feb 19 17:13:25
                                    Finished on |	Feb 19 17:13:38
       Mapping speed, Million of reads per hour |	1.75

                          Number of input reads |	6336
                      Average input read length |	276
                                    UNIQUE READS:
                   Uniquely mapped reads number |	383
                        Uniquely mapped reads % |	6.04%
                          Average mapped length |	263.14
                       Number of splices: Total |	102
            Number of splices: Annotated (sjdb) |	87
                       Number of splices: GT/AG |	93
                       Number of splices: GC/AG |	0
                       Number of splices: AT/AC |	0
               Number of splices: Non-canonical |	9
                      Mismatch rate per base, % |	1.36%
                         Deletion rate per base |	0.03%
                        Deletion average length |	4.38
                        Insertion rate per base |	0.04%
                       Insertion average length |	3.58
                             MULTI-MAPPING READS:
        Number of reads mapped to multiple loci |	32
             % of reads mapped to multiple loci |	0.51%
        Number of reads mapped to too many loci |	2
             % of reads mapped to too many loci |	0.03%
                                  UNMAPPED READS:
  Number of reads unmapped: too many mismatches |	0
       % of reads unmapped: too many mismatches |	0.00%
            Number of reads unmapped: too short |	3230
                 % of reads unmapped: too short |	50.98%
                Number of reads unmapped: other |	2689
                     % of reads unmapped: other |	42.44%
                                  CHIMERIC READS:
                       Number of chimeric reads |	0
                            % of chimeric reads |	0.00%
