           Time    Speed        Read     Read   Mapped   Mapped   Mapped   Mapped Unmapped Unmapped Unmapped Unmapped
                    M/hr      number   length   unique   length   MMrate    multi   multi+       MM    short    other
Feb 19 17:14:03	Started 1st pass mapping
Feb 19 17:14:13      2.0        5623      275     6.2%    263.5     1.3%     0.6%     0.1%     0.0%    51.8%    41.3%
Feb 19 17:14:13	Finished 1st pass mapping
ALL DONE!
