                                 Started job on |	Feb 19 17:13:24
                             Started mapping on |	Feb 19 17:13:25
                                    Finished on |	Feb 19 17:13:37
       Mapping speed, Million of reads per hour |	1.77

                          Number of input reads |	5901
                      Average input read length |	274
                                    UNIQUE READS:
                   Uniquely mapped reads number |	341
                        Uniquely mapped reads % |	5.78%
                          Average mapped length |	261.86
                       Number of splices: Total |	80
            Number of splices: Annotated (sjdb) |	68
                       Number of splices: GT/AG |	67
                       Number of splices: GC/AG |	2
                       Number of splices: AT/AC |	0
               Number of splices: Non-canonical |	11
                      Mismatch rate per base, % |	1.14%
                         Deletion rate per base |	0.02%
                        Deletion average length |	2.62
                        Insertion rate per base |	0.01%
                       Insertion average length |	2.40
                             MULTI-MAPPING READS:
        Number of reads mapped to multiple loci |	37
             % of reads mapped to multiple loci |	0.63%
        Number of reads mapped to too many loci |	5
             % of reads mapped to too many loci |	0.08%
                                  UNMAPPED READS:
  Number of reads unmapped: too many mismatches |	0
       % of reads unmapped: too many mismatches |	0.00%
            Number of reads unmapped: too short |	3036
                 % of reads unmapped: too short |	51.45%
                Number of reads unmapped: other |	2482
                     % of reads unmapped: other |	42.06%
                                  CHIMERIC READS:
                       Number of chimeric reads |	0
                            % of chimeric reads |	0.00%
