                                 Started job on |	Feb 19 17:13:24
                             Started mapping on |	Feb 19 17:13:49
                                    Finished on |	Feb 19 17:14:03
       Mapping speed, Million of reads per hour |	1.46

                          Number of input reads |	5691
                      Average input read length |	276
                                    UNIQUE READS:
                   Uniquely mapped reads number |	312
                        Uniquely mapped reads % |	5.48%
                          Average mapped length |	260.96
                       Number of splices: Total |	69
            Number of splices: Annotated (sjdb) |	69
                       Number of splices: GT/AG |	69
                       Number of splices: GC/AG |	0
                       Number of splices: AT/AC |	0
               Number of splices: Non-canonical |	0
                      Mismatch rate per base, % |	1.10%
                         Deletion rate per base |	0.03%
                        Deletion average length |	2.33
                        Insertion rate per base |	0.02%
                       Insertion average length |	1.67
                             MULTI-MAPPING READS:
        Number of reads mapped to multiple loci |	26
             % of reads mapped to multiple loci |	0.46%
        Number of reads mapped to too many loci |	2
             % of reads mapped to too many loci |	0.04%
                                  UNMAPPED READS:
  Number of reads unmapped: too many mismatches |	0
       % of reads unmapped: too many mismatches |	0.00%
            Number of reads unmapped: too short |	2948
                 % of reads unmapped: too short |	51.80%
                Number of reads unmapped: other |	2403
                     % of reads unmapped: other |	42.22%
                                  CHIMERIC READS:
                       Number of chimeric reads |	0
                            % of chimeric reads |	0.00%
