                                 Started job on |	Feb 19 17:13:24
                             Started mapping on |	Feb 19 17:13:25
                                    Finished on |	Feb 19 17:13:36
       Mapping speed, Million of reads per hour |	1.71

                          Number of input reads |	5229
                      Average input read length |	276
                                    UNIQUE READS:
                   Uniquely mapped reads number |	308
                        Uniquely mapped reads % |	5.89%
                          Average mapped length |	264.52
                       Number of splices: Total |	60
            Number of splices: Annotated (sjdb) |	44
                       Number of splices: GT/AG |	53
                       Number of splices: GC/AG |	0
                       Number of splices: AT/AC |	0
               Number of splices: Non-canonical |	7
                      Mismatch rate per base, % |	1.33%
                         Deletion rate per base |	0.05%
                        Deletion average length |	2.24
                        Insertion rate per base |	0.04%
                       Insertion average length |	2.07
                             MULTI-MAPPING READS:
        Number of reads mapped to multiple loci |	40
             % of reads mapped to multiple loci |	0.76%
        Number of reads mapped to too many loci |	5
             % of reads mapped to too many loci |	0.10%
                                  UNMAPPED READS:
  Number of reads unmapped: too many mismatches |	0
       % of reads unmapped: too many mismatches |	0.00%
            Number of reads unmapped: too short |	2655
                 % of reads unmapped: too short |	50.77%
                Number of reads unmapped: other |	2221
                     % of reads unmapped: other |	42.47%
                                  CHIMERIC READS:
                       Number of chimeric reads |	0
                            % of chimeric reads |	0.00%
