           Time    Speed        Read     Read   Mapped   Mapped   Mapped   Mapped Unmapped Unmapped Unmapped Unmapped
                    M/hr      number   length   unique   length   MMrate    multi   multi+       MM    short    other
Feb 19 17:13:27	Started 1st pass mapping
Feb 19 17:13:39      1.7        5790      275     5.4%    262.3     1.2%     0.4%     0.1%     0.0%    52.1%    41.9%
Feb 19 17:13:39	Finished 1st pass mapping
ALL DONE!
