                                 Started job on |	Feb 19 17:13:24
                             Started mapping on |	Feb 19 17:13:52
                                    Finished on |	Feb 19 17:14:06
       Mapping speed, Million of reads per hour |	1.49

                          Number of input reads |	5790
                      Average input read length |	275
                                    UNIQUE READS:
                   Uniquely mapped reads number |	318
                        Uniquely mapped reads % |	5.49%
                          Average mapped length |	262.57
                       Number of splices: Total |	97
            Number of splices: Annotated (sjdb) |	97
                       Number of splices: GT/AG |	94
                       Number of splices: GC/AG |	1
                       Number of splices: AT/AC |	2
               Number of splices: Non-canonical |	0
                      Mismatch rate per base, % |	1.17%
                         Deletion rate per base |	0.04%
                        Deletion average length |	2.43
                        Insertion rate per base |	0.02%
                       Insertion average length |	1.88
                             MULTI-MAPPING READS:
        Number of reads mapped to multiple loci |	21
             % of reads mapped to multiple loci |	0.36%
        Number of reads mapped to too many loci |	5
             % of reads mapped to too many loci |	0.09%
                                  UNMAPPED READS:
  Number of reads unmapped: too many mismatches |	0
       % of reads unmapped: too many mismatches |	0.00%
            Number of reads unmapped: too short |	3019
                 % of reads unmapped: too short |	52.14%
                Number of reads unmapped: other |	2427
                     % of reads unmapped: other |	41.92%
                                  CHIMERIC READS:
                       Number of chimeric reads |	0
                            % of chimeric reads |	0.00%
