                                 Started job on |	Feb 19 17:13:24
                             Started mapping on |	Feb 19 17:13:49
                                    Finished on |	Feb 19 17:14:01
       Mapping speed, Million of reads per hour |	1.69

                          Number of input reads |	5643
                      Average input read length |	277
                                    UNIQUE READS:
                   Uniquely mapped reads number |	305
                        Uniquely mapped reads % |	5.40%
                          Average mapped length |	266.52
                       Number of splices: Total |	68
            Number of splices: Annotated (sjdb) |	68
                       Number of splices: GT/AG |	68
                       Number of splices: GC/AG |	0
                       Number of splices: AT/AC |	0
               Number of splices: Non-canonical |	0
                      Mismatch rate per base, % |	1.19%
                         Deletion rate per base |	0.04%
                        Deletion average length |	2.21
                        Insertion rate per base |	0.02%
                       Insertion average length |	1.90
                             MULTI-MAPPING READS:
        Number of reads mapped to multiple loci |	25
             % of reads mapped to multiple loci |	0.44%
        Number of reads mapped to too many loci |	2
             % of reads mapped to too many loci |	0.04%
                                  UNMAPPED READS:
  Number of reads unmapped: too many mismatches |	0
       % of reads unmapped: too many mismatches |	0.00%
            Number of reads unmapped: too short |	2832
                 % of reads unmapped: too short |	50.19%
                Number of reads unmapped: other |	2479
                     % of reads unmapped: other |	43.93%
                                  CHIMERIC READS:
                       Number of chimeric reads |	0
                            % of chimeric reads |	0.00%
