           Time    Speed        Read     Read   Mapped   Mapped   Mapped   Mapped Unmapped Unmapped Unmapped Unmapped
                    M/hr      number   length   unique   length   MMrate    multi   multi+       MM    short    other
Feb 19 17:13:25	Started 1st pass mapping
Feb 19 17:13:36      1.8        5643      277     5.4%    267.2     1.2%     0.5%     0.0%     0.0%    50.2%    43.9%
Feb 19 17:13:36	Finished 1st pass mapping
ALL DONE!
