           Time    Speed        Read     Read   Mapped   Mapped   Mapped   Mapped Unmapped Unmapped Unmapped Unmapped
                    M/hr      number   length   unique   length   MMrate    multi   multi+       MM    short    other
Feb 19 17:13:59	Started 1st pass mapping
Feb 19 17:14:11      1.7        5803      274     5.6%    262.6     1.1%     0.5%     0.1%     0.0%    51.8%    42.0%
Feb 19 17:14:11	Finished 1st pass mapping
ALL DONE!
