                                 Started job on |	Feb 19 17:13:58
                             Started mapping on |	Feb 19 17:14:22
                                    Finished on |	Feb 19 17:14:35
       Mapping speed, Million of reads per hour |	1.61

                          Number of input reads |	5803
                      Average input read length |	274
                                    UNIQUE READS:
                   Uniquely mapped reads number |	331
                        Uniquely mapped reads % |	5.70%
                          Average mapped length |	262.10
                       Number of splices: Total |	126
            Number of splices: Annotated (sjdb) |	126
                       Number of splices: GT/AG |	124
                       Number of splices: GC/AG |	2
                       Number of splices: AT/AC |	0
               Number of splices: Non-canonical |	0
                      Mismatch rate per base, % |	1.16%
                         Deletion rate per base |	0.03%
                        Deletion average length |	2.08
                        Insertion rate per base |	0.03%
                       Insertion average length |	3.11
                             MULTI-MAPPING READS:
        Number of reads mapped to multiple loci |	21
             % of reads mapped to multiple loci |	0.36%
        Number of reads mapped to too many loci |	4
             % of reads mapped to too many loci |	0.07%
                                  UNMAPPED READS:
  Number of reads unmapped: too many mismatches |	0
       % of reads unmapped: too many mismatches |	0.00%
            Number of reads unmapped: too short |	3009
                 % of reads unmapped: too short |	51.85%
                Number of reads unmapped: other |	2438
                     % of reads unmapped: other |	42.01%
                                  CHIMERIC READS:
                       Number of chimeric reads |	0
                            % of chimeric reads |	0.00%
